<html>
<body>
<pre>
<h1>µVision Build Log</h1>
<h2>Tool Versions:</h2>
IDE-Version: ¦ÌVision V5.38.0.0
Copyright (C) 2022 ARM Ltd and ARM Germany GmbH. All rights reserved.
License Information: Tony Huang
SZU
User-based license: Keil MDK Community
Valid until: Jun 1 2033. Cached until: Aug 9 2023
 
Tool Versions:
Toolchain:       Keil MDK Community  Version: 5.38.0.0
Toolchain Path:  D:\Softwares\Keil\ARM\ARMCLANG\Bin
C Compiler:      ArmClang.exe V6.19
Assembler:       Armasm.exe V6.19
Linker/Locator:  ArmLink.exe V6.19
Library Manager: ArmAr.exe V6.19
Hex Converter:   FromElf.exe V6.19
CPU DLL:         SARMCM3.DLL V5.38.0.0
Dialog DLL:      DCM.DLL V1.17.5.0
Target DLL:      STLink\ST-LINKIII-KEIL_SWO.dll V3.1.0.0
Dialog DLL:      TCM.DLL V1.56.4.0
 
<h2>Project:</h2>
D:\OneDrive - email.szu.edu.cn\Codes\Github insiders\Examples\9-4 Serial Receive Text Package\Project.uvprojx
Project File Date:  08/02/2023

<h2>Output:</h2>
*** Using Compiler 'V6.19', folder: 'D:\Softwares\Keil\ARM\ARMCLANG\Bin'
Build target 'Target 1'
User/main.c(26): warning: passing 'char[12]' to parameter of type 'uint8_t *' (aka 'unsigned char *') converts between pointers to integer types where one is of the unique plain 'char' type and the other is not [-Wpointer-sign]
                                Serial_SendString("LED_ON_OK\r\n");
                                                  ^~~~~~~~~~~~~~~
./Hardware\Serial.h(9): note: passing argument to parameter 'str' here
void Serial_SendString(uint8_t *str);
                                ^
User/main.c(33): warning: passing 'char[13]' to parameter of type 'uint8_t *' (aka 'unsigned char *') converts between pointers to integer types where one is of the unique plain 'char' type and the other is not [-Wpointer-sign]
                                Serial_SendString("LED_OFF_OK\r\n");
                                                  ^~~~~~~~~~~~~~~~
./Hardware\Serial.h(9): note: passing argument to parameter 'str' here
void Serial_SendString(uint8_t *str);
                                ^
User/main.c(39): warning: passing 'char[16]' to parameter of type 'uint8_t *' (aka 'unsigned char *') converts between pointers to integer types where one is of the unique plain 'char' type and the other is not [-Wpointer-sign]
                                Serial_SendString("ERROR_COMMAND\r\n");
                                                  ^~~~~~~~~~~~~~~~~~~
./Hardware\Serial.h(9): note: passing argument to parameter 'str' here
void Serial_SendString(uint8_t *str);
                                ^
3 warnings generated.
compiling main.c...
Hardware/Serial.c(122): warning: passing 'char[100]' to parameter of type 'uint8_t *' (aka 'unsigned char *') converts between pointers to integer types where one is of the unique plain 'char' type and the other is not [-Wpointer-sign]
        Serial_SendString(String);
                          ^~~~~~
Hardware/Serial.c(55): note: passing argument to parameter 'str' here
void Serial_SendString(uint8_t *str)
                                ^
1 warning generated.
compiling Serial.c...
linking...
Program Size: Code=2824 RO-data=1812 RW-data=0 ZI-data=1736  
".\Objects\Project.axf" - 0 Error(s), 4 Warning(s).

<h2>Software Packages used:</h2>

Package Vendor: Keil
                https://www.keil.com/pack/Keil.STM32F1xx_DFP.2.4.1.pack
                Keil.STM32F1xx_DFP.2.4.1
                STMicroelectronics STM32F1 Series Device Support, Drivers and Examples

<h2>Collection of Component include folders:</h2>
  D:/Data_of_Softwares/keil packs/Keil/STM32F1xx_DFP/2.4.1/Device/Include

<h2>Collection of Component Files used:</h2>
Build Time Elapsed:  00:00:00
</pre>
</body>
</html>
